../Core/fancy_timer/fancy_timer.c:12:8:FT_IT_Feed	16	static
../Core/fancy_timer/fancy_timer.c:19:6:FT_Print	24	static
../Core/fancy_timer/fancy_timer.c:25:8:FT_Init	32	static
../Core/fancy_timer/fancy_timer.c:32:8:FT_InitCustom	112	static
../Core/fancy_timer/fancy_timer.c:155:6:FT_Free	16	static
../Core/fancy_timer/fancy_timer.c:163:8:FT_ProcessTimer	32	static
../Core/fancy_timer/fancy_timer.c:244:8:FT_ProcessTimerByID	32	static
../Core/fancy_timer/fancy_timer.c:254:8:FT_ProcessTimerByIndex	24	static
../Core/fancy_timer/fancy_timer.c:262:8:FT_TriggerTimerN	24	static
../Core/fancy_timer/fancy_timer.c:274:8:FT_TriggerTimer	16	static
../Core/fancy_timer/fancy_timer.c:279:8:FT_Delay	16	static
../Core/fancy_timer/fancy_timer.c:287:8:FT_DelayUntilTimer	24	static
../Core/fancy_timer/fancy_timer.c:302:8:FT_Clear	24	static
../Core/fancy_timer/fancy_timer.c:321:8:FT_Feed	32	static
../Core/fancy_timer/fancy_timer.c:379:8:FT_GetTimerTriggerCount	32	static
../Core/fancy_timer/fancy_timer.c:392:8:FT_GetTimerPauseState	32	static
../Core/fancy_timer/fancy_timer.c:403:8:FT_GetTriggeredTimer	32	static
../Core/fancy_timer/fancy_timer.c:428:8:FT_GetTriggeredTimerAny	32	static
../Core/fancy_timer/fancy_timer.c:445:8:FT_GetErroredTimer	32	static
../Core/fancy_timer/fancy_timer.c:462:8:FT_SetTimerPriority	24	static
../Core/fancy_timer/fancy_timer.c:474:8:FT_SetTimerTimeBase	32	static
../Core/fancy_timer/fancy_timer.c:486:8:FT_SetTimerPauseState	24	static
../Core/fancy_timer/fancy_timer.c:498:8:FT_PauseTimer	16	static
../Core/fancy_timer/fancy_timer.c:503:8:FT_ResumeTimer	16	static
../Core/fancy_timer/fancy_timer.c:508:8:FT_NewTimer	32	static
../Core/fancy_timer/fancy_timer.c:538:8:FT_KillTimer	24	static
../Core/fancy_timer/fancy_timer.c:558:10:FT_NewTimerID_	24	static
../Core/fancy_timer/fancy_timer.c:593:8:FT_GetTimer_	32	static
../Core/fancy_timer/fancy_timer.c:608:8:FT_PrintConfiguration	104	static
../Core/fancy_timer/fancy_timer.c:634:10:FT_GetHTimerFrequency	24	static
../Core/fancy_timer/fancy_timer.c:642:7:FT_FindPrescaler	24	static
../Core/fancy_timer/fancy_timer.c:650:10:FT_GetTimebaseFrequency	16	static
../Core/fancy_timer/fancy_timer.c:666:9:FT_GetType	16	static
../Core/fancy_timer/fancy_timer.c:737:11:FT_GetSource	16	static
../Core/fancy_timer/fancy_timer.c:803:15:FT_GetResolution	16	static
../Core/fancy_timer/fancy_timer.c:869:20:FT_GetPrescalerRange	16	static
../Core/fancy_timer/fancy_timer.c:878:10:FT_GetFrequency	24	static
../Core/fancy_timer/fancy_timer.c:917:8:FT_GetTimerConfiguration	64	static
