../Drivers/STM32F4xx_HAL_Driver/Src/stm32f4xx_hal_rtc_ex.c:186:19:HAL_RTCEx_SetTimeStamp	32	static
../Drivers/STM32F4xx_HAL_Driver/Src/stm32f4xx_hal_rtc_ex.c:258:19:HAL_RTCEx_SetTimeStamp_IT	32	static
../Drivers/STM32F4xx_HAL_Driver/Src/stm32f4xx_hal_rtc_ex.c:321:19:HAL_RTCEx_DeactivateTimeStamp	24	static
../Drivers/STM32F4xx_HAL_Driver/Src/stm32f4xx_hal_rtc_ex.c:365:19:HAL_RTCEx_GetTimeStamp	32	static
../Drivers/STM32F4xx_HAL_Driver/Src/stm32f4xx_hal_rtc_ex.c:418:19:HAL_RTCEx_SetTamper	24	static
../Drivers/STM32F4xx_HAL_Driver/Src/stm32f4xx_hal_rtc_ex.c:495:19:HAL_RTCEx_SetTamper_IT	24	static
../Drivers/STM32F4xx_HAL_Driver/Src/stm32f4xx_hal_rtc_ex.c:581:19:HAL_RTCEx_DeactivateTamper	16	static
../Drivers/STM32F4xx_HAL_Driver/Src/stm32f4xx_hal_rtc_ex.c:607:6:HAL_RTCEx_TamperTimeStampIRQHandler	16	static
../Drivers/STM32F4xx_HAL_Driver/Src/stm32f4xx_hal_rtc_ex.c:679:13:HAL_RTCEx_TimeStampEventCallback	16	static
../Drivers/STM32F4xx_HAL_Driver/Src/stm32f4xx_hal_rtc_ex.c:695:13:HAL_RTCEx_Tamper1EventCallback	16	static
../Drivers/STM32F4xx_HAL_Driver/Src/stm32f4xx_hal_rtc_ex.c:712:13:HAL_RTCEx_Tamper2EventCallback	16	static
../Drivers/STM32F4xx_HAL_Driver/Src/stm32f4xx_hal_rtc_ex.c:730:19:HAL_RTCEx_PollForTimeStampEvent	24	static
../Drivers/STM32F4xx_HAL_Driver/Src/stm32f4xx_hal_rtc_ex.c:773:19:HAL_RTCEx_PollForTamper1Event	24	static
../Drivers/STM32F4xx_HAL_Driver/Src/stm32f4xx_hal_rtc_ex.c:810:19:HAL_RTCEx_PollForTamper2Event	24	static
../Drivers/STM32F4xx_HAL_Driver/Src/stm32f4xx_hal_rtc_ex.c:866:19:HAL_RTCEx_SetWakeUpTimer	32	static
../Drivers/STM32F4xx_HAL_Driver/Src/stm32f4xx_hal_rtc_ex.c:962:19:HAL_RTCEx_SetWakeUpTimer_IT	32	static
../Drivers/STM32F4xx_HAL_Driver/Src/stm32f4xx_hal_rtc_ex.c:1063:19:HAL_RTCEx_DeactivateWakeUpTimer	24	static
../Drivers/STM32F4xx_HAL_Driver/Src/stm32f4xx_hal_rtc_ex.c:1118:10:HAL_RTCEx_GetWakeUpTimer	16	static
../Drivers/STM32F4xx_HAL_Driver/Src/stm32f4xx_hal_rtc_ex.c:1135:6:HAL_RTCEx_WakeUpTimerIRQHandler	16	static
../Drivers/STM32F4xx_HAL_Driver/Src/stm32f4xx_hal_rtc_ex.c:1164:13:HAL_RTCEx_WakeUpTimerEventCallback	16	static
../Drivers/STM32F4xx_HAL_Driver/Src/stm32f4xx_hal_rtc_ex.c:1181:19:HAL_RTCEx_PollForWakeUpTimerEvent	24	static
../Drivers/STM32F4xx_HAL_Driver/Src/stm32f4xx_hal_rtc_ex.c:1249:6:HAL_RTCEx_BKUPWrite	32	static
../Drivers/STM32F4xx_HAL_Driver/Src/stm32f4xx_hal_rtc_ex.c:1272:10:HAL_RTCEx_BKUPRead	24	static
../Drivers/STM32F4xx_HAL_Driver/Src/stm32f4xx_hal_rtc_ex.c:1303:19:HAL_RTCEx_SetCoarseCalib	32	static
../Drivers/STM32F4xx_HAL_Driver/Src/stm32f4xx_hal_rtc_ex.c:1354:19:HAL_RTCEx_DeactivateCoarseCalib	24	static
../Drivers/STM32F4xx_HAL_Driver/Src/stm32f4xx_hal_rtc_ex.c:1412:19:HAL_RTCEx_SetSmoothCalib	32	static
../Drivers/STM32F4xx_HAL_Driver/Src/stm32f4xx_hal_rtc_ex.c:1484:19:HAL_RTCEx_SetSynchroShift	32	static
../Drivers/STM32F4xx_HAL_Driver/Src/stm32f4xx_hal_rtc_ex.c:1579:19:HAL_RTCEx_SetCalibrationOutPut	16	static
../Drivers/STM32F4xx_HAL_Driver/Src/stm32f4xx_hal_rtc_ex.c:1618:19:HAL_RTCEx_DeactivateCalibrationOutPut	16	static
../Drivers/STM32F4xx_HAL_Driver/Src/stm32f4xx_hal_rtc_ex.c:1648:19:HAL_RTCEx_SetRefClock	24	static
../Drivers/STM32F4xx_HAL_Driver/Src/stm32f4xx_hal_rtc_ex.c:1692:19:HAL_RTCEx_DeactivateRefClock	24	static
../Drivers/STM32F4xx_HAL_Driver/Src/stm32f4xx_hal_rtc_ex.c:1738:19:HAL_RTCEx_EnableBypassShadow	16	static
../Drivers/STM32F4xx_HAL_Driver/Src/stm32f4xx_hal_rtc_ex.c:1771:19:HAL_RTCEx_DisableBypassShadow	16	static
../Drivers/STM32F4xx_HAL_Driver/Src/stm32f4xx_hal_rtc_ex.c:1821:13:HAL_RTCEx_AlarmBEventCallback	16	static
../Drivers/STM32F4xx_HAL_Driver/Src/stm32f4xx_hal_rtc_ex.c:1838:19:HAL_RTCEx_PollForAlarmBEvent	24	static
