../Core/fancy_timer/stm32-easy-timers/stm32_easy_timers.c:12:8:ET_TIMConfigure	88	static
../Core/fancy_timer/stm32-easy-timers/stm32_easy_timers.c:85:8:ET_TIMConfigurePWM	88	static
../Core/fancy_timer/stm32-easy-timers/stm32_easy_timers.c:158:7:ET_FindPrescaler	24	static
../Core/fancy_timer/stm32-easy-timers/stm32_easy_timers.c:166:8:ET_IT_Feed	16	static
../Core/fancy_timer/stm32-easy-timers/stm32_easy_timers.c:173:6:ET_Print	24	static
../Core/fancy_timer/stm32-easy-timers/stm32_easy_timers.c:179:8:ET_Init	32	static
../Core/fancy_timer/stm32-easy-timers/stm32_easy_timers.c:186:8:ET_InitCustom	112	static
../Core/fancy_timer/stm32-easy-timers/stm32_easy_timers.c:309:6:ET_Free	16	static
../Core/fancy_timer/stm32-easy-timers/stm32_easy_timers.c:317:8:ET_ProcessTimer	32	static
../Core/fancy_timer/stm32-easy-timers/stm32_easy_timers.c:398:8:ET_ProcessTimerByID	32	static
../Core/fancy_timer/stm32-easy-timers/stm32_easy_timers.c:408:8:ET_ProcessTimerByIndex	24	static
../Core/fancy_timer/stm32-easy-timers/stm32_easy_timers.c:416:8:ET_TriggerTimerN	24	static
../Core/fancy_timer/stm32-easy-timers/stm32_easy_timers.c:428:8:ET_TriggerTimer	16	static
../Core/fancy_timer/stm32-easy-timers/stm32_easy_timers.c:433:8:ET_Delay	16	static
../Core/fancy_timer/stm32-easy-timers/stm32_easy_timers.c:441:8:ET_DelayUntilTimer	24	static
../Core/fancy_timer/stm32-easy-timers/stm32_easy_timers.c:456:8:ET_Clear	24	static
../Core/fancy_timer/stm32-easy-timers/stm32_easy_timers.c:475:8:ET_Feed	32	static
../Core/fancy_timer/stm32-easy-timers/stm32_easy_timers.c:533:8:ET_GetTimerTriggerCount	32	static
../Core/fancy_timer/stm32-easy-timers/stm32_easy_timers.c:546:8:ET_GetTimerPauseState	32	static
../Core/fancy_timer/stm32-easy-timers/stm32_easy_timers.c:557:8:ET_GetTriggeredTimer	32	static
../Core/fancy_timer/stm32-easy-timers/stm32_easy_timers.c:582:8:ET_GetTriggeredTimerAny	32	static
../Core/fancy_timer/stm32-easy-timers/stm32_easy_timers.c:599:8:ET_GetErroredTimer	32	static
../Core/fancy_timer/stm32-easy-timers/stm32_easy_timers.c:616:8:ET_SetTimerInterval	32	static
../Core/fancy_timer/stm32-easy-timers/stm32_easy_timers.c:628:8:ET_SetTimerPriority	24	static
../Core/fancy_timer/stm32-easy-timers/stm32_easy_timers.c:640:8:ET_SetTimerTimeBase	32	static
../Core/fancy_timer/stm32-easy-timers/stm32_easy_timers.c:652:8:ET_ResetTimer	24	static
../Core/fancy_timer/stm32-easy-timers/stm32_easy_timers.c:666:8:ET_ClearTimer	24	static
../Core/fancy_timer/stm32-easy-timers/stm32_easy_timers.c:673:8:ET_SetTimerPauseState	24	static
../Core/fancy_timer/stm32-easy-timers/stm32_easy_timers.c:685:8:ET_PauseTimer	16	static
../Core/fancy_timer/stm32-easy-timers/stm32_easy_timers.c:690:8:ET_ResumeTimer	16	static
../Core/fancy_timer/stm32-easy-timers/stm32_easy_timers.c:695:8:ET_StartTimer	24	static
../Core/fancy_timer/stm32-easy-timers/stm32_easy_timers.c:710:8:ET_StopTimer	24	static
../Core/fancy_timer/stm32-easy-timers/stm32_easy_timers.c:725:8:ET_NewTimer	32	static
../Core/fancy_timer/stm32-easy-timers/stm32_easy_timers.c:755:8:ET_KillTimer	24	static
../Core/fancy_timer/stm32-easy-timers/stm32_easy_timers.c:775:10:ET_NewTimerID_	24	static
../Core/fancy_timer/stm32-easy-timers/stm32_easy_timers.c:810:8:ET_GetTimer_	32	static
../Core/fancy_timer/stm32-easy-timers/stm32_easy_timers.c:825:8:ET_PrintTIMConfiguration	32	static
../Core/fancy_timer/stm32-easy-timers/stm32_easy_timers.c:837:8:ET_PrintConfiguration	104	static
../Core/fancy_timer/stm32-easy-timers/stm32_easy_timers.c:863:10:ET_GetHTimerFrequency	24	static
../Core/fancy_timer/stm32-easy-timers/stm32_easy_timers.c:871:10:ET_GetTimebaseFrequency	16	static
../Core/fancy_timer/stm32-easy-timers/stm32_easy_timers.c:887:9:ET_GetType	16	static
../Core/fancy_timer/stm32-easy-timers/stm32_easy_timers.c:958:11:ET_GetSource	16	static
../Core/fancy_timer/stm32-easy-timers/stm32_easy_timers.c:1024:15:ET_GetResolution	16	static
../Core/fancy_timer/stm32-easy-timers/stm32_easy_timers.c:1090:20:ET_GetPrescalerRange	16	static
../Core/fancy_timer/stm32-easy-timers/stm32_easy_timers.c:1099:10:ET_GetFrequency	24	static
../Core/fancy_timer/stm32-easy-timers/stm32_easy_timers.c:1138:8:ET_GetTimerConfiguration	64	static
../Core/fancy_timer/stm32-easy-timers/stm32_easy_timers.c:1213:8:ET_GetTimerPWMConfiguration	72	static
