../Drivers/CMSIS/Include/core_cm4.h:1938:34:__NVIC_SystemReset	4	static,ignoring_inline_asm
../Core/gsm/gsm.c:10:9:GSM_cmd	32	static
../Core/gsm/gsm.c:23:9:GSM_str	16	static
../Core/gsm/gsm.c:31:9:GSM_PrintsData	32	static
../Core/gsm/gsm.c:40:9:GSM_Prints	24	static
../Core/gsm/gsm.c:49:9:GSM_atData	32	static
../Core/gsm/gsm.c:74:9:GSM_at	32	static
../Core/gsm/gsm.c:80:9:GSM_Feed	24	static
../Core/gsm/gsm.c:187:9:GSM_AwaitResponse	24	static
../Core/gsm/gsm.c:214:9:GSM_ProcessInput	24	static
../Core/gsm/gsm.c:313:9:GSM_InitModem	16	static
../Core/gsm/gsm.c:411:9:GSM_OpenNetwork	16	static
../Core/gsm/gsm.c:449:9:GSM_OpenConnection	16	static
../Core/gsm/gsm.c:496:9:GSM_SetBaudRate	24	static
../Core/gsm/gsm.c:526:9:GSM_ChangeBaudRate	24	static
../Core/gsm/gsm.c:551:9:GSM_Init	32	static
../Core/gsm/gsm.c:578:9:GSM_DeInit	16	static
../Core/gsm/gsm.c:595:9:GSM_ClearResponse	16	static
../Core/gsm/gsm.c:610:9:GSM_GetLine	16	static
../Core/gsm/gsm.c:645:9:GSM_DecodePDU	24	static
../Core/gsm/gsm.c:657:9:GSM_ProcessCommand	40	static
../Core/gsm/gsm.c:706:9:GSM_CommandCompareName	24	static
../Core/gsm/gsm.c:717:9:GSM_CommandCompareParameter	32	static
../Core/gsm/gsm.c:731:9:GSM_CommandGetParameter	24	static
../Core/gsm/gsm.c:744:9:GSM_CommandGetParameterInt	24	static
../Core/gsm/gsm.c:755:9:GSM_CommandGetParameterFloat	24	static
../Core/gsm/gsm.c:766:9:GSM_SetTransparentAccessMode	24	static
../Core/gsm/gsm.c:815:9:GSM_SendTCP	32	static
../Core/gsm/gsm.c:835:9:GSM_SendTCPString	16	static
../Core/gsm/gsm.c:840:9:GSM_SendUDP	32	static
../Core/gsm/gsm.c:869:9:GSM_SendUDPString	16	static
