../Core/gsm/gsm.c:10:9:GSM_cmd	32	static
../Core/gsm/gsm.c:18:9:GSM_str	16	static
../Core/gsm/gsm.c:26:9:GSM_PrintsData	32	static
../Core/gsm/gsm.c:35:9:GSM_Prints	24	static
../Core/gsm/gsm.c:44:9:GSM_atData	32	static
../Core/gsm/gsm.c:67:9:GSM_at	32	static
../Core/gsm/gsm.c:73:9:GSM_Feed	24	static
../Core/gsm/gsm.c:171:9:GSM_AwaitResponse	16	static
../Core/gsm/gsm.c:194:9:GSM_ProcessInput	24	static
../Core/gsm/gsm.c:282:9:GSM_InitModem	16	static
../Core/gsm/gsm.c:380:9:GSM_OpenNetwork	16	static
../Core/gsm/gsm.c:411:9:GSM_OpenConnection	16	static
../Core/gsm/gsm.c:437:9:GSM_SetBaudRate	24	static
../Core/gsm/gsm.c:463:9:GSM_ChangeBaudRate	24	static
../Core/gsm/gsm.c:473:9:GSM_Init	32	static
../Core/gsm/gsm.c:498:9:GSM_DeInit	16	static
../Core/gsm/gsm.c:515:9:GSM_ClearResponse	16	static
../Core/gsm/gsm.c:530:9:GSM_GetLine	16	static
../Core/gsm/gsm.c:565:9:GSM_DecodePDU	24	static
../Core/gsm/gsm.c:577:9:GSM_ProcessCommand	40	static
../Core/gsm/gsm.c:626:9:GSM_CommandCompareName	24	static
../Core/gsm/gsm.c:637:9:GSM_CommandCompareParameter	32	static
../Core/gsm/gsm.c:651:9:GSM_CommandGetParameter	24	static
../Core/gsm/gsm.c:664:9:GSM_CommandGetParameterInt	24	static
../Core/gsm/gsm.c:675:9:GSM_CommandGetParameterFloat	24	static
../Core/gsm/gsm.c:686:9:GSM_SendUDP	32	static
../Core/gsm/gsm.c:716:9:GSM_SendUDPString	16	static
