../Drivers/CMSIS/Include/core_cm4.h:1938:34:__NVIC_SystemReset	4	static,ignoring_inline_asm
../Core/gsm/gsm.c:10:9:GSM_cmd	32	static
../Core/gsm/gsm.c:18:9:GSM_str	16	static
../Core/gsm/gsm.c:26:9:GSM_PrintsData	32	static
../Core/gsm/gsm.c:35:9:GSM_Prints	24	static
../Core/gsm/gsm.c:44:9:GSM_atData	32	static
../Core/gsm/gsm.c:69:9:GSM_at	32	static
../Core/gsm/gsm.c:75:9:GSM_Feed	24	static
../Core/gsm/gsm.c:177:9:GSM_AwaitResponse	24	static
../Core/gsm/gsm.c:204:9:GSM_ProcessInput	24	static
../Core/gsm/gsm.c:302:9:GSM_InitModem	16	static
../Core/gsm/gsm.c:400:9:GSM_OpenNetwork	16	static
../Core/gsm/gsm.c:437:9:GSM_OpenConnection	16	static
../Core/gsm/gsm.c:464:9:GSM_SetBaudRate	24	static
../Core/gsm/gsm.c:490:9:GSM_ChangeBaudRate	24	static
../Core/gsm/gsm.c:500:9:GSM_Init	32	static
../Core/gsm/gsm.c:525:9:GSM_DeInit	16	static
../Core/gsm/gsm.c:542:9:GSM_ClearResponse	16	static
../Core/gsm/gsm.c:557:9:GSM_GetLine	16	static
../Core/gsm/gsm.c:592:9:GSM_DecodePDU	24	static
../Core/gsm/gsm.c:604:9:GSM_ProcessCommand	40	static
../Core/gsm/gsm.c:653:9:GSM_CommandCompareName	24	static
../Core/gsm/gsm.c:664:9:GSM_CommandCompareParameter	32	static
../Core/gsm/gsm.c:678:9:GSM_CommandGetParameter	24	static
../Core/gsm/gsm.c:691:9:GSM_CommandGetParameterInt	24	static
../Core/gsm/gsm.c:702:9:GSM_CommandGetParameterFloat	24	static
../Core/gsm/gsm.c:713:9:GSM_SetTransparentAccessMode	24	static
../Core/gsm/gsm.c:762:9:GSM_SendTCP	32	static
../Core/gsm/gsm.c:792:9:GSM_SendTCPString	16	static
../Core/gsm/gsm.c:797:9:GSM_SendUDP	32	static
../Core/gsm/gsm.c:826:9:GSM_SendUDPString	16	static
