../Drivers/CMSIS/Include/core_cm4.h:1938:34:__NVIC_SystemReset	4	static,ignoring_inline_asm
../Core/Src/main.c:131:10:crc16	24	static
../Core/Src/main.c:169:5:main	104	static
../Core/Src/main.c:428:6:SystemClock_Config	88	static
../Core/Src/main.c:480:6:HAL_CAN_RxFifo0MsgPendingCallback	16	static
../Core/Src/main.c:497:6:HAL_UARTEx_RxEventCallback	16	static
../Core/Src/main.c:525:6:HAL_UART_ErrorCallback	16	static
../Core/Src/main.c:536:19:prints	16	static
../Core/Src/main.c:550:6:Error_Handler	8	static,ignoring_inline_asm
