../Drivers/CMSIS/Include/core_cm4.h:1938:34:__NVIC_SystemReset	4	static,ignoring_inline_asm
../Core/Src/main.c:131:10:crc16	24	static
../Core/Src/main.c:169:5:main	96	static
../Core/Src/main.c:404:6:SystemClock_Config	88	static
../Core/Src/main.c:456:6:HAL_CAN_RxFifo0MsgPendingCallback	16	static
../Core/Src/main.c:470:6:HAL_UARTEx_RxEventCallback	16	static
../Core/Src/main.c:498:6:HAL_UART_ErrorCallback	16	static
../Core/Src/main.c:509:19:prints	16	static
../Core/Src/main.c:523:6:Error_Handler	8	static,ignoring_inline_asm
